mara@Mara:~$ cd ..
mara@Mara:/home$ cd ..
mara@Mara:/$ cd mnt/
mara@Mara:/mnt$ cd c/
mara@Mara:/mnt/c$ ls
ls: cannot access 'DumpStack.log.tmp': Permission denied
ls: cannot access 'hiberfil.sys': Permission denied
ls: cannot access 'pagefile.sys': Permission denied
ls: cannot access 'swapfile.sys': Permission denied
'$Recycle.Bin'             PerfLogs                     Users
 Config.Msi               'Program Files'               Windows
'Documents and Settings'  'Program Files (x86)'         hiberfil.sys
 Drivers                   ProgramData                  pagefile.sys
 DumpStack.log             Recovery                     swapfile.sys
 DumpStack.log.tmp         Setup.log
 OneDriveTemp             'System Volume Information'
mara@Mara:/mnt/c$ cd Users
mara@Mara:/mnt/c/Users$ drahl
drahl: command not found
mara@Mara:/mnt/c/Users$ cd drahl
mara@Mara:/mnt/c/Users/drahl$ cd Desktop/
mara@Mara:/mnt/c/Users/drahl/Desktop$ cd Projects
mara@Mara:/mnt/c/Users/drahl/Desktop/Projects$ cd Data_Processing
mara@Mara:/mnt/c/Users/drahl/Desktop/Projects/Data_Processing$ cd My_First_Project
mara@Mara:/mnt/c/Users/drahl/Desktop/Projects/Data_Processing/My_First_Project

Faire un premier commit :
Un **commit** est une opération utilisée dans les systèmes de contrôle de version, comme Git, pour enregistrer des modifications dans le dépôt. Chaque commit représente un instantané du projet à un moment donné, incluant les changements apportés aux fichiers. Voici quelques points clés :

- **Identifiant unique** : Chaque commit a un identifiant unique (un hash) qui permet de le retrouver facilement.
- **Message de commit** : Lors de la création d'un commit, on ajoute un message décrivant les modifications effectuées.
- **Historique** : Les commits permettent de suivre l'historique des modifications et de revenir à des versions antérieures si nécessaire.

j'ai ré ajouter le file.txt à liste de track :

mara@Mara:/mnt/c/Users/drahl/Desktop/Projects/Data_Processing/My_First_Project$ git add .
warning: CRLF will be replaced by LF in pathtomyubuntu.txt.
The file will have its original line endings in your working directory
mara@Mara:/mnt/c/Users/drahl/Desktop/Projects/Data_Processing/My_First_Project$ git status
On branch master

No commits yet

Changes to be committed:
  (use "git rm --cached <file>..." to unstage)
        new file:   pathtomyubuntu.txt

mara@Mara:/mnt/c/Users/drahl/Desktop/Projects/Data_Processing/My_First_Project$

faire un commit :

mara@Mara:/mnt/c/Users/drahl/Desktop/Projects/Data_Processing/My_First_Project$ git config --global user.name "Ahlem Oueslati"
mara@Mara:/mnt/c/Users/drahl/Desktop/Projects/Data_Processing/My_First_Project$ git config --global user.email "oueslatiahlem76@gmail.com"
mara@Mara:/mnt/c/Users/drahl/Desktop/Projects/Data_Processing/My_First_Project$ git commit -m "premier commit"
[master (root-commit) 96befbe] premier commit
 1 file changed, 26 insertions(+)
 create mode 100644 pathtomyubuntu.txt
mara@Mara:/mnt/c/Users/drahl/Desktop/Projects/Data_Processing/My_First_Project$

 Voire tous nos commits : 

 create mode 100644 pathtomyubuntu.txt
mara@Mara:/mnt/c/Users/drahl/Desktop/Projects/Data_Processing/My_First_Project$ git log
commit 96befbe424b0e182a0449b067db6f43fdbc8a190 (HEAD -> master)
Author: Ahlem Oueslati <oueslatiahlem76@gmail.com>
Date:   Sun Oct 20 20:22:02 2024 +0200

    premier commit





